// Jest Snapshot v1, https://goo.gl/fbAQLP

exports[`Placeholder Empty 1`] = `
Array [
  Object {
    "apiVersion": "v1",
    "immutable": false,
    "kind": "Secret",
    "metadata": Object {
      "name": "test-chart-starkbot-env-secret-c806a67b",
    },
    "stringData": Object {
      "AWS_DB_PROFILE": "contrib",
      "AWS_REGION": "eu-west-3",
      "DISCORD_BOT_TOKEN_PROD": "OTkzNDM5OTkxODIyODE1Mjky.GHgctg.CmNm_7aeaeSHMZke6gkDBoenLb4F2DDTSUKE-I",
      "DISCORD_CLIENT_ID_PROD": "993439991822815292",
      "DISCORD_TYPE": "28263441981469284",
      "DYNAMODB_TABLE_GUILD_PROD": "ClusterStack-starkbotguildsprod4B5BADD0-O7WZONG0BOG9",
      "DYNAMODB_TABLE_STARKNET_ID_PROD": "ClusterStack-starkbotstarknetidsprodCD7CF5F8-2BKYODG7NNIU",
      "ENV": "prod",
      "STARKNET_ID_CONTRACT_ADDRESS": "0x0798e884450c19e072d6620fefdbeb7387d0453d3fd51d95f5ace1f17633d88b",
      "STARKNET_ID_INDEXER_URL": "https://goerli.indexer.starknet.id/field_data_to_id",
      "VERIFIER_DECIMAL_CONTRACT_ADDRESS": "2858829565965467824506234522366406559425492229537050207406969294731822669741",
    },
  },
  Object {
    "apiVersion": "apps/v1",
    "kind": "Deployment",
    "metadata": Object {
      "name": "test-chart-starkbot-c816708b",
    },
    "spec": Object {
      "minReadySeconds": 0,
      "progressDeadlineSeconds": 600,
      "replicas": 2,
      "selector": Object {
        "matchLabels": Object {
          "cdk8s.io/metadata.addr": "test-chart-starkbot-c8ab439d",
        },
      },
      "strategy": Object {
        "rollingUpdate": Object {
          "maxSurge": "25%",
          "maxUnavailable": "25%",
        },
        "type": "RollingUpdate",
      },
      "template": Object {
        "metadata": Object {
          "labels": Object {
            "cdk8s.io/metadata.addr": "test-chart-starkbot-c8ab439d",
          },
        },
        "spec": Object {
          "automountServiceAccountToken": false,
          "containers": Array [
            Object {
              "env": Array [
                Object {
                  "name": "ENV",
                  "valueFrom": Object {
                    "secretKeyRef": Object {
                      "key": "ENV",
                      "name": "test-chart-starkbot-env-secret-c806a67b",
                    },
                  },
                },
                Object {
                  "name": "DISCORD_CLIENT_ID_PROD",
                  "valueFrom": Object {
                    "secretKeyRef": Object {
                      "key": "DISCORD_CLIENT_ID_PROD",
                      "name": "test-chart-starkbot-env-secret-c806a67b",
                    },
                  },
                },
                Object {
                  "name": "DISCORD_BOT_TOKEN_PROD",
                  "valueFrom": Object {
                    "secretKeyRef": Object {
                      "key": "DISCORD_BOT_TOKEN_PROD",
                      "name": "test-chart-starkbot-env-secret-c806a67b",
                    },
                  },
                },
                Object {
                  "name": "STARKNET_ID_CONTRACT_ADDRESS",
                  "valueFrom": Object {
                    "secretKeyRef": Object {
                      "key": "STARKNET_ID_CONTRACT_ADDRESS",
                      "name": "test-chart-starkbot-env-secret-c806a67b",
                    },
                  },
                },
                Object {
                  "name": "STARKNET_ID_INDEXER_URL",
                  "valueFrom": Object {
                    "secretKeyRef": Object {
                      "key": "STARKNET_ID_INDEXER_URL",
                      "name": "test-chart-starkbot-env-secret-c806a67b",
                    },
                  },
                },
                Object {
                  "name": "VERIFIER_DECIMAL_CONTRACT_ADDRESS",
                  "valueFrom": Object {
                    "secretKeyRef": Object {
                      "key": "VERIFIER_DECIMAL_CONTRACT_ADDRESS",
                      "name": "test-chart-starkbot-env-secret-c806a67b",
                    },
                  },
                },
                Object {
                  "name": "DISCORD_TYPE",
                  "valueFrom": Object {
                    "secretKeyRef": Object {
                      "key": "DISCORD_TYPE",
                      "name": "test-chart-starkbot-env-secret-c806a67b",
                    },
                  },
                },
                Object {
                  "name": "AWS_DB_PROFILE",
                  "valueFrom": Object {
                    "secretKeyRef": Object {
                      "key": "AWS_DB_PROFILE",
                      "name": "test-chart-starkbot-env-secret-c806a67b",
                    },
                  },
                },
                Object {
                  "name": "AWS_REGION",
                  "valueFrom": Object {
                    "secretKeyRef": Object {
                      "key": "AWS_REGION",
                      "name": "test-chart-starkbot-env-secret-c806a67b",
                    },
                  },
                },
                Object {
                  "name": "DYNAMODB_TABLE_GUILD_PROD",
                  "valueFrom": Object {
                    "secretKeyRef": Object {
                      "key": "DYNAMODB_TABLE_GUILD_PROD",
                      "name": "test-chart-starkbot-env-secret-c806a67b",
                    },
                  },
                },
                Object {
                  "name": "DYNAMODB_TABLE_STARKNET_ID_PROD",
                  "valueFrom": Object {
                    "secretKeyRef": Object {
                      "key": "DYNAMODB_TABLE_STARKNET_ID_PROD",
                      "name": "test-chart-starkbot-env-secret-c806a67b",
                    },
                  },
                },
              ],
              "image": "071785475400.dkr.ecr.eu-west-3.amazonaws.com/starkbot-repository",
              "imagePullPolicy": "Always",
              "name": "starkbot",
              "ports": Array [
                Object {
                  "containerPort": 22,
                },
              ],
              "resources": Object {
                "limits": Object {
                  "cpu": "1500m",
                  "memory": "2048Mi",
                },
                "requests": Object {
                  "cpu": "1000m",
                  "memory": "512Mi",
                },
              },
              "securityContext": Object {
                "allowPrivilegeEscalation": false,
                "privileged": false,
                "readOnlyRootFilesystem": true,
                "runAsGroup": 26000,
                "runAsNonRoot": true,
                "runAsUser": 25000,
              },
              "startupProbe": Object {
                "exec": Object {
                  "command": Array [
                    "cat",
                    "/.aws/credentials",
                  ],
                },
                "failureThreshold": 3,
                "timeoutSeconds": 20,
              },
              "volumeMounts": Array [
                Object {
                  "mountPath": "/tmp",
                  "name": "tmp-starkbot",
                },
              ],
            },
          ],
          "dnsPolicy": "ClusterFirst",
          "restartPolicy": "Always",
          "securityContext": Object {
            "fsGroupChangePolicy": "Always",
            "runAsNonRoot": true,
          },
          "setHostnameAsFQDN": false,
          "volumes": Array [
            Object {
              "emptyDir": Object {},
              "name": "tmp-starkbot",
            },
          ],
        },
      },
    },
  },
]
`;
